{"level":"fatal","ts":"2025-09-04T15:55:30.321+0800","caller":"api/router.go:15","msg":"加载配置失败：open ./config.yaml: The system cannot find the file specified.","stacktrace":"backend/internal/api.SetupRouter\n\tD:/GDesign/backend/internal/api/router.go:15\nmain.main\n\tD:/GDesign/backend/cmd/server/main.go:21\nruntime.main\n\tD:/Go/golang/src/runtime/proc.go:272"}
{"level":"info","ts":"2025-09-04T16:02:13.588+0800","caller":"server/main.go:40","msg":"Server started on :8080"}
{"level":"info","ts":"2025-09-04T16:15:19.314+0800","caller":"server/main.go:45","msg":"Shutting down server..."}
{"level":"info","ts":"2025-09-04T16:15:19.315+0800","caller":"server/main.go:55","msg":"HTTP server gracefully stopped"}
{"level":"info","ts":"2025-09-04T16:16:47.524+0800","caller":"server/main.go:40","msg":"Server started on :8080"}
{"level":"info","ts":"2025-09-04T16:20:49.153+0800","caller":"server/main.go:45","msg":"Shutting down server..."}
{"level":"info","ts":"2025-09-04T16:20:49.154+0800","caller":"server/main.go:55","msg":"HTTP server gracefully stopped"}
{"level":"fatal","ts":"2025-09-04T16:21:52.557+0800","caller":"server/main.go:20","msg":"Failed to initialize database: ConnectDB failed: failed to connect to `user=password= database=`:\n\thostname resolving error: lookup port=: no such host\n\tlookup port=: no such host","stacktrace":"main.main\n\tD:/GDesign/backend/cmd/server/main.go:20\nruntime.main\n\tD:/Go/golang/src/runtime/proc.go:272"}
{"level":"info","ts":"2025-09-04T16:29:47.772+0800","caller":"server/main.go:46","msg":"Server started on :8080"}
{"level":"info","ts":"2025-09-04T16:34:24.638+0800","caller":"server/main.go:51","msg":"Shutting down server..."}
{"level":"info","ts":"2025-09-04T16:34:24.638+0800","caller":"server/main.go:61","msg":"HTTP server gracefully stopped"}
{"level":"info","ts":"2025-09-04T16:34:24.638+0800","caller":"server/main.go:70","msg":"PostgreSQL GORM DB closed"}
{"level":"info","ts":"2025-09-04T16:34:24.638+0800","caller":"server/main.go:76","msg":"Server exited"}
{"level":"info","ts":"2025-09-04T16:40:24.714+0800","caller":"server/main.go:46","msg":"Server started on :8080"}
{"level":"info","ts":"2025-09-04T16:41:41.582+0800","caller":"server/main.go:51","msg":"Shutting down server..."}
{"level":"info","ts":"2025-09-04T16:41:41.588+0800","caller":"server/main.go:61","msg":"HTTP server gracefully stopped"}
{"level":"info","ts":"2025-09-04T16:41:41.590+0800","caller":"server/main.go:70","msg":"PostgreSQL GORM DB closed"}
{"level":"info","ts":"2025-09-04T16:41:41.592+0800","caller":"server/main.go:76","msg":"Server exited"}
{"level":"info","ts":"2025-09-04T16:44:48.536+0800","caller":"server/main.go:46","msg":"Server started on :8080"}
{"level":"info","ts":"2025-09-04T16:49:32.624+0800","caller":"server/main.go:51","msg":"Shutting down server..."}
{"level":"info","ts":"2025-09-04T16:49:32.624+0800","caller":"server/main.go:61","msg":"HTTP server gracefully stopped"}
{"level":"info","ts":"2025-09-04T16:49:32.625+0800","caller":"server/main.go:70","msg":"PostgreSQL GORM DB closed"}
{"level":"info","ts":"2025-09-04T16:49:32.625+0800","caller":"server/main.go:76","msg":"Server exited"}
{"level":"info","ts":"2025-09-04T16:53:03.281+0800","caller":"server/main.go:46","msg":"Server started on :8080"}
{"level":"info","ts":"2025-09-04T16:54:13.262+0800","caller":"server/main.go:51","msg":"Shutting down server..."}
{"level":"info","ts":"2025-09-04T16:54:13.264+0800","caller":"server/main.go:61","msg":"HTTP server gracefully stopped"}
{"level":"info","ts":"2025-09-04T16:54:13.267+0800","caller":"server/main.go:70","msg":"PostgreSQL GORM DB closed"}
{"level":"info","ts":"2025-09-04T16:54:13.268+0800","caller":"server/main.go:76","msg":"Server exited"}
{"level":"fatal","ts":"2025-09-04T18:29:42.208+0800","caller":"server/main.go:24","msg":"Failed to initialize database: InitData failed: 执行 SQL 失败 migrations\\1_init_schema.init.sql: 错误: 语法错误 在 \"e'a'\" 或附近的 (SQLSTATE 42601)","stacktrace":"main.main\n\tD:/GDesign/backend/cmd/server/main.go:24\nruntime.main\n\tD:/Go/golang/src/runtime/proc.go:272"}
{"level":"info","ts":"2025-09-12T12:49:11.135+0800","caller":"backend/main.go:48","msg":"Server started on :8080"}
{"level":"info","ts":"2025-09-12T12:49:27.594+0800","caller":"backend/main.go:53","msg":"Shutting down server..."}
{"level":"info","ts":"2025-09-12T12:49:27.594+0800","caller":"backend/main.go:63","msg":"HTTP server gracefully stopped"}
{"level":"info","ts":"2025-09-12T12:49:27.594+0800","caller":"backend/main.go:72","msg":"PostgreSQL GORM DB closed"}
{"level":"info","ts":"2025-09-12T12:49:27.595+0800","caller":"backend/main.go:78","msg":"Server exited"}
{"level":"info","ts":"2025-09-12T15:12:35.644+0800","caller":"repository/init.go:93","msg":"Redis connected successfully"}
{"level":"info","ts":"2025-09-12T15:12:35.692+0800","caller":"backend/main.go:48","msg":"Server started on :8080"}
{"level":"info","ts":"2025-09-12T15:33:01.620+0800","caller":"backend/main.go:53","msg":"Shutting down server..."}
{"level":"info","ts":"2025-09-12T15:33:01.621+0800","caller":"backend/main.go:63","msg":"HTTP server gracefully stopped"}
{"level":"info","ts":"2025-09-12T15:33:01.623+0800","caller":"backend/main.go:72","msg":"PostgreSQL GORM DB closed"}
{"level":"info","ts":"2025-09-12T15:33:01.623+0800","caller":"backend/main.go:78","msg":"Server exited"}
{"level":"info","ts":"2025-09-12T15:36:44.202+0800","caller":"repository/init.go:93","msg":"Redis connected successfully"}
{"level":"info","ts":"2025-09-12T15:36:44.215+0800","caller":"backend/main.go:48","msg":"Server started on :8080"}
{"level":"info","ts":"2025-09-12T15:38:15.264+0800","caller":"backend/main.go:53","msg":"Shutting down server..."}
{"level":"info","ts":"2025-09-12T15:38:15.264+0800","caller":"backend/main.go:63","msg":"HTTP server gracefully stopped"}
{"level":"info","ts":"2025-09-12T15:38:15.265+0800","caller":"backend/main.go:72","msg":"PostgreSQL GORM DB closed"}
{"level":"info","ts":"2025-09-12T15:38:15.265+0800","caller":"backend/main.go:78","msg":"Server exited"}
{"level":"info","ts":"2025-09-12T15:53:02.633+0800","caller":"repository/init.go:93","msg":"Redis connected successfully"}
{"level":"info","ts":"2025-09-12T15:53:02.648+0800","caller":"backend/main.go:48","msg":"Server started on :8080"}
{"level":"info","ts":"2025-09-12T15:53:07.377+0800","caller":"api/user.go:208","msg":"发送注册验证码","email":"2680728792@qq.com","code":"504365"}
{"level":"info","ts":"2025-09-12T15:53:07.377+0800","caller":"api/user.go:457","msg":"验证码保存成功","email":"2680728792@qq.com","key":"verification_token:2680728792@qq.com"}
{"level":"info","ts":"2025-09-12T15:53:10.147+0800","caller":"api/user.go:440","msg":"发送注册验证码邮件","detail":"邮件发送成功"}
{"level":"info","ts":"2025-09-12T15:53:10.147+0800","caller":"api/user.go:227","msg":"发送泣册验证码","detail":"验证码发送成功"}
{"level":"info","ts":"2025-09-12T16:04:32.930+0800","caller":"api/user.go:208","msg":"发送注册验证码","email":"2680728792@qq.com","code":"148482"}
{"level":"info","ts":"2025-09-12T16:04:32.931+0800","caller":"api/user.go:457","msg":"验证码保存成功","email":"2680728792@qq.com","key":"verification_token:2680728792@qq.com"}
{"level":"info","ts":"2025-09-12T16:04:33.411+0800","caller":"api/user.go:440","msg":"发送注册验证码邮件","detail":"邮件发送成功"}
{"level":"info","ts":"2025-09-12T16:04:33.412+0800","caller":"api/user.go:227","msg":"发送泣册验证码","detail":"验证码发送成功"}
{"level":"info","ts":"2025-09-12T16:06:29.451+0800","caller":"api/user.go:208","msg":"发送注册验证码","email":"1737370258@qq.com","code":"647508"}
{"level":"info","ts":"2025-09-12T16:06:29.452+0800","caller":"api/user.go:457","msg":"验证码保存成功","email":"1737370258@qq.com","key":"verification_token:1737370258@qq.com"}
{"level":"info","ts":"2025-09-12T16:06:30.238+0800","caller":"api/user.go:440","msg":"发送注册验证码邮件","detail":"邮件发送成功"}
{"level":"info","ts":"2025-09-12T16:06:30.238+0800","caller":"api/user.go:227","msg":"发送泣册验证码","detail":"验证码发送成功"}
{"level":"info","ts":"2025-09-12T16:07:02.902+0800","caller":"api/user.go:484","msg":"验证码删除成功","email":"1737370258@qq.com"}
{"level":"info","ts":"2025-09-12T16:08:20.889+0800","caller":"backend/main.go:53","msg":"Shutting down server..."}
{"level":"info","ts":"2025-09-12T16:08:20.889+0800","caller":"backend/main.go:63","msg":"HTTP server gracefully stopped"}
{"level":"info","ts":"2025-09-12T16:08:20.890+0800","caller":"backend/main.go:72","msg":"PostgreSQL GORM DB closed"}
{"level":"info","ts":"2025-09-12T16:08:20.890+0800","caller":"backend/main.go:78","msg":"Server exited"}
{"level":"info","ts":"2025-09-13T00:06:59.859+0800","caller":"repository/init.go:93","msg":"Redis connected successfully"}
{"level":"info","ts":"2025-09-13T00:06:59.880+0800","caller":"backend/main.go:48","msg":"Server started on :8080"}
{"level":"info","ts":"2025-09-13T00:15:07.141+0800","caller":"backend/main.go:53","msg":"Shutting down server..."}
{"level":"info","ts":"2025-09-13T00:15:07.143+0800","caller":"backend/main.go:63","msg":"HTTP server gracefully stopped"}
{"level":"info","ts":"2025-09-13T00:15:07.144+0800","caller":"backend/main.go:72","msg":"PostgreSQL GORM DB closed"}
{"level":"info","ts":"2025-09-13T00:15:07.145+0800","caller":"backend/main.go:78","msg":"Server exited"}
{"level":"info","ts":"2025-09-13T00:23:26.557+0800","caller":"repository/init.go:93","msg":"Redis connected successfully"}
{"level":"info","ts":"2025-09-13T00:23:26.581+0800","caller":"backend/main.go:48","msg":"Server started on :8080"}
{"level":"error","ts":"2025-09-13T01:18:50.869+0800","caller":"api/user.go:265","msg":"重置密码请求","detail":"用户未找到。","stacktrace":"backend/internal/api.RequestResetPassword\n\tD:/GDesign/backend/internal/api/user.go:265\ngithub.com/gin-gonic/gin.(*Context).Next\n\tD:/Go/Go_WorkSpace/pkg/mod/github.com/gin-gonic/gin@v1.10.1/context.go:185\ngithub.com/gin-gonic/gin.CustomRecoveryWithWriter.func1\n\tD:/Go/Go_WorkSpace/pkg/mod/github.com/gin-gonic/gin@v1.10.1/recovery.go:102\ngithub.com/gin-gonic/gin.(*Context).Next\n\tD:/Go/Go_WorkSpace/pkg/mod/github.com/gin-gonic/gin@v1.10.1/context.go:185\ngithub.com/gin-gonic/gin.LoggerWithConfig.func1\n\tD:/Go/Go_WorkSpace/pkg/mod/github.com/gin-gonic/gin@v1.10.1/logger.go:249\ngithub.com/gin-gonic/gin.(*Context).Next\n\tD:/Go/Go_WorkSpace/pkg/mod/github.com/gin-gonic/gin@v1.10.1/context.go:185\ngithub.com/gin-gonic/gin.(*Engine).handleHTTPRequest\n\tD:/Go/Go_WorkSpace/pkg/mod/github.com/gin-gonic/gin@v1.10.1/gin.go:644\ngithub.com/gin-gonic/gin.(*Engine).ServeHTTP\n\tD:/Go/Go_WorkSpace/pkg/mod/github.com/gin-gonic/gin@v1.10.1/gin.go:600\nnet/http.serverHandler.ServeHTTP\n\tD:/Go/golang/src/net/http/server.go:3210\nnet/http.(*conn).serve\n\tD:/Go/golang/src/net/http/server.go:2092"}
{"level":"error","ts":"2025-09-13T01:21:18.955+0800","caller":"api/user.go:265","msg":"重置密码请求","detail":"用户未找到。","stacktrace":"backend/internal/api.RequestResetPassword\n\tD:/GDesign/backend/internal/api/user.go:265\ngithub.com/gin-gonic/gin.(*Context).Next\n\tD:/Go/Go_WorkSpace/pkg/mod/github.com/gin-gonic/gin@v1.10.1/context.go:185\ngithub.com/gin-gonic/gin.CustomRecoveryWithWriter.func1\n\tD:/Go/Go_WorkSpace/pkg/mod/github.com/gin-gonic/gin@v1.10.1/recovery.go:102\ngithub.com/gin-gonic/gin.(*Context).Next\n\tD:/Go/Go_WorkSpace/pkg/mod/github.com/gin-gonic/gin@v1.10.1/context.go:185\ngithub.com/gin-gonic/gin.LoggerWithConfig.func1\n\tD:/Go/Go_WorkSpace/pkg/mod/github.com/gin-gonic/gin@v1.10.1/logger.go:249\ngithub.com/gin-gonic/gin.(*Context).Next\n\tD:/Go/Go_WorkSpace/pkg/mod/github.com/gin-gonic/gin@v1.10.1/context.go:185\ngithub.com/gin-gonic/gin.(*Engine).handleHTTPRequest\n\tD:/Go/Go_WorkSpace/pkg/mod/github.com/gin-gonic/gin@v1.10.1/gin.go:644\ngithub.com/gin-gonic/gin.(*Engine).ServeHTTP\n\tD:/Go/Go_WorkSpace/pkg/mod/github.com/gin-gonic/gin@v1.10.1/gin.go:600\nnet/http.serverHandler.ServeHTTP\n\tD:/Go/golang/src/net/http/server.go:3210\nnet/http.(*conn).serve\n\tD:/Go/golang/src/net/http/server.go:2092"}
{"level":"error","ts":"2025-09-13T01:22:04.530+0800","caller":"api/user.go:265","msg":"重置密码请求","detail":"用户未找到。","stacktrace":"backend/internal/api.RequestResetPassword\n\tD:/GDesign/backend/internal/api/user.go:265\ngithub.com/gin-gonic/gin.(*Context).Next\n\tD:/Go/Go_WorkSpace/pkg/mod/github.com/gin-gonic/gin@v1.10.1/context.go:185\ngithub.com/gin-gonic/gin.CustomRecoveryWithWriter.func1\n\tD:/Go/Go_WorkSpace/pkg/mod/github.com/gin-gonic/gin@v1.10.1/recovery.go:102\ngithub.com/gin-gonic/gin.(*Context).Next\n\tD:/Go/Go_WorkSpace/pkg/mod/github.com/gin-gonic/gin@v1.10.1/context.go:185\ngithub.com/gin-gonic/gin.LoggerWithConfig.func1\n\tD:/Go/Go_WorkSpace/pkg/mod/github.com/gin-gonic/gin@v1.10.1/logger.go:249\ngithub.com/gin-gonic/gin.(*Context).Next\n\tD:/Go/Go_WorkSpace/pkg/mod/github.com/gin-gonic/gin@v1.10.1/context.go:185\ngithub.com/gin-gonic/gin.(*Engine).handleHTTPRequest\n\tD:/Go/Go_WorkSpace/pkg/mod/github.com/gin-gonic/gin@v1.10.1/gin.go:644\ngithub.com/gin-gonic/gin.(*Engine).ServeHTTP\n\tD:/Go/Go_WorkSpace/pkg/mod/github.com/gin-gonic/gin@v1.10.1/gin.go:600\nnet/http.serverHandler.ServeHTTP\n\tD:/Go/golang/src/net/http/server.go:3210\nnet/http.(*conn).serve\n\tD:/Go/golang/src/net/http/server.go:2092"}
{"level":"error","ts":"2025-09-13T01:22:21.517+0800","caller":"api/user.go:265","msg":"重置密码请求","detail":"用户未找到。","stacktrace":"backend/internal/api.RequestResetPassword\n\tD:/GDesign/backend/internal/api/user.go:265\ngithub.com/gin-gonic/gin.(*Context).Next\n\tD:/Go/Go_WorkSpace/pkg/mod/github.com/gin-gonic/gin@v1.10.1/context.go:185\ngithub.com/gin-gonic/gin.CustomRecoveryWithWriter.func1\n\tD:/Go/Go_WorkSpace/pkg/mod/github.com/gin-gonic/gin@v1.10.1/recovery.go:102\ngithub.com/gin-gonic/gin.(*Context).Next\n\tD:/Go/Go_WorkSpace/pkg/mod/github.com/gin-gonic/gin@v1.10.1/context.go:185\ngithub.com/gin-gonic/gin.LoggerWithConfig.func1\n\tD:/Go/Go_WorkSpace/pkg/mod/github.com/gin-gonic/gin@v1.10.1/logger.go:249\ngithub.com/gin-gonic/gin.(*Context).Next\n\tD:/Go/Go_WorkSpace/pkg/mod/github.com/gin-gonic/gin@v1.10.1/context.go:185\ngithub.com/gin-gonic/gin.(*Engine).handleHTTPRequest\n\tD:/Go/Go_WorkSpace/pkg/mod/github.com/gin-gonic/gin@v1.10.1/gin.go:644\ngithub.com/gin-gonic/gin.(*Engine).ServeHTTP\n\tD:/Go/Go_WorkSpace/pkg/mod/github.com/gin-gonic/gin@v1.10.1/gin.go:600\nnet/http.serverHandler.ServeHTTP\n\tD:/Go/golang/src/net/http/server.go:3210\nnet/http.(*conn).serve\n\tD:/Go/golang/src/net/http/server.go:2092"}
{"level":"error","ts":"2025-09-13T01:22:35.831+0800","caller":"api/user.go:265","msg":"重置密码请求","detail":"用户未找到。","stacktrace":"backend/internal/api.RequestResetPassword\n\tD:/GDesign/backend/internal/api/user.go:265\ngithub.com/gin-gonic/gin.(*Context).Next\n\tD:/Go/Go_WorkSpace/pkg/mod/github.com/gin-gonic/gin@v1.10.1/context.go:185\ngithub.com/gin-gonic/gin.CustomRecoveryWithWriter.func1\n\tD:/Go/Go_WorkSpace/pkg/mod/github.com/gin-gonic/gin@v1.10.1/recovery.go:102\ngithub.com/gin-gonic/gin.(*Context).Next\n\tD:/Go/Go_WorkSpace/pkg/mod/github.com/gin-gonic/gin@v1.10.1/context.go:185\ngithub.com/gin-gonic/gin.LoggerWithConfig.func1\n\tD:/Go/Go_WorkSpace/pkg/mod/github.com/gin-gonic/gin@v1.10.1/logger.go:249\ngithub.com/gin-gonic/gin.(*Context).Next\n\tD:/Go/Go_WorkSpace/pkg/mod/github.com/gin-gonic/gin@v1.10.1/context.go:185\ngithub.com/gin-gonic/gin.(*Engine).handleHTTPRequest\n\tD:/Go/Go_WorkSpace/pkg/mod/github.com/gin-gonic/gin@v1.10.1/gin.go:644\ngithub.com/gin-gonic/gin.(*Engine).ServeHTTP\n\tD:/Go/Go_WorkSpace/pkg/mod/github.com/gin-gonic/gin@v1.10.1/gin.go:600\nnet/http.serverHandler.ServeHTTP\n\tD:/Go/golang/src/net/http/server.go:3210\nnet/http.(*conn).serve\n\tD:/Go/golang/src/net/http/server.go:2092"}
{"level":"error","ts":"2025-09-13T01:23:16.076+0800","caller":"api/user.go:265","msg":"重置密码请求","detail":"用户未找到。","stacktrace":"backend/internal/api.RequestResetPassword\n\tD:/GDesign/backend/internal/api/user.go:265\ngithub.com/gin-gonic/gin.(*Context).Next\n\tD:/Go/Go_WorkSpace/pkg/mod/github.com/gin-gonic/gin@v1.10.1/context.go:185\ngithub.com/gin-gonic/gin.CustomRecoveryWithWriter.func1\n\tD:/Go/Go_WorkSpace/pkg/mod/github.com/gin-gonic/gin@v1.10.1/recovery.go:102\ngithub.com/gin-gonic/gin.(*Context).Next\n\tD:/Go/Go_WorkSpace/pkg/mod/github.com/gin-gonic/gin@v1.10.1/context.go:185\ngithub.com/gin-gonic/gin.LoggerWithConfig.func1\n\tD:/Go/Go_WorkSpace/pkg/mod/github.com/gin-gonic/gin@v1.10.1/logger.go:249\ngithub.com/gin-gonic/gin.(*Context).Next\n\tD:/Go/Go_WorkSpace/pkg/mod/github.com/gin-gonic/gin@v1.10.1/context.go:185\ngithub.com/gin-gonic/gin.(*Engine).handleHTTPRequest\n\tD:/Go/Go_WorkSpace/pkg/mod/github.com/gin-gonic/gin@v1.10.1/gin.go:644\ngithub.com/gin-gonic/gin.(*Engine).ServeHTTP\n\tD:/Go/Go_WorkSpace/pkg/mod/github.com/gin-gonic/gin@v1.10.1/gin.go:600\nnet/http.serverHandler.ServeHTTP\n\tD:/Go/golang/src/net/http/server.go:3210\nnet/http.(*conn).serve\n\tD:/Go/golang/src/net/http/server.go:2092"}
{"level":"error","ts":"2025-09-13T01:24:15.524+0800","caller":"api/user.go:265","msg":"重置密码请求","detail":"用户未找到。","stacktrace":"backend/internal/api.RequestResetPassword\n\tD:/GDesign/backend/internal/api/user.go:265\ngithub.com/gin-gonic/gin.(*Context).Next\n\tD:/Go/Go_WorkSpace/pkg/mod/github.com/gin-gonic/gin@v1.10.1/context.go:185\ngithub.com/gin-gonic/gin.CustomRecoveryWithWriter.func1\n\tD:/Go/Go_WorkSpace/pkg/mod/github.com/gin-gonic/gin@v1.10.1/recovery.go:102\ngithub.com/gin-gonic/gin.(*Context).Next\n\tD:/Go/Go_WorkSpace/pkg/mod/github.com/gin-gonic/gin@v1.10.1/context.go:185\ngithub.com/gin-gonic/gin.LoggerWithConfig.func1\n\tD:/Go/Go_WorkSpace/pkg/mod/github.com/gin-gonic/gin@v1.10.1/logger.go:249\ngithub.com/gin-gonic/gin.(*Context).Next\n\tD:/Go/Go_WorkSpace/pkg/mod/github.com/gin-gonic/gin@v1.10.1/context.go:185\ngithub.com/gin-gonic/gin.(*Engine).handleHTTPRequest\n\tD:/Go/Go_WorkSpace/pkg/mod/github.com/gin-gonic/gin@v1.10.1/gin.go:644\ngithub.com/gin-gonic/gin.(*Engine).ServeHTTP\n\tD:/Go/Go_WorkSpace/pkg/mod/github.com/gin-gonic/gin@v1.10.1/gin.go:600\nnet/http.serverHandler.ServeHTTP\n\tD:/Go/golang/src/net/http/server.go:3210\nnet/http.(*conn).serve\n\tD:/Go/golang/src/net/http/server.go:2092"}
{"level":"info","ts":"2025-09-13T01:51:10.248+0800","caller":"backend/main.go:53","msg":"Shutting down server..."}
{"level":"info","ts":"2025-09-13T01:51:10.250+0800","caller":"backend/main.go:63","msg":"HTTP server gracefully stopped"}
{"level":"info","ts":"2025-09-13T01:51:10.252+0800","caller":"backend/main.go:72","msg":"PostgreSQL GORM DB closed"}
{"level":"info","ts":"2025-09-13T01:51:10.252+0800","caller":"backend/main.go:78","msg":"Server exited"}
{"level":"info","ts":"2025-09-13T18:25:55.612+0800","caller":"repository/init.go:93","msg":"Redis connected successfully"}
{"level":"info","ts":"2025-09-13T18:25:55.632+0800","caller":"backend/main.go:48","msg":"Server started on :8080"}
{"level":"info","ts":"2025-09-13T18:33:25.945+0800","caller":"backend/main.go:53","msg":"Shutting down server..."}
{"level":"info","ts":"2025-09-13T18:33:25.951+0800","caller":"backend/main.go:63","msg":"HTTP server gracefully stopped"}
{"level":"info","ts":"2025-09-13T18:33:25.959+0800","caller":"backend/main.go:72","msg":"PostgreSQL GORM DB closed"}
{"level":"info","ts":"2025-09-13T18:33:25.969+0800","caller":"backend/main.go:78","msg":"Server exited"}
{"level":"info","ts":"2025-09-13T18:36:17.356+0800","caller":"repository/init.go:93","msg":"Redis connected successfully"}
{"level":"info","ts":"2025-09-13T18:36:17.377+0800","caller":"backend/main.go:48","msg":"Server started on :8080"}
{"level":"info","ts":"2025-09-13T19:00:04.171+0800","caller":"backend/main.go:53","msg":"Shutting down server..."}
{"level":"info","ts":"2025-09-13T19:00:04.173+0800","caller":"backend/main.go:63","msg":"HTTP server gracefully stopped"}
{"level":"info","ts":"2025-09-13T19:00:04.175+0800","caller":"backend/main.go:72","msg":"PostgreSQL GORM DB closed"}
{"level":"info","ts":"2025-09-13T19:00:04.189+0800","caller":"backend/main.go:78","msg":"Server exited"}
{"level":"info","ts":"2025-09-13T19:00:09.140+0800","caller":"repository/init.go:93","msg":"Redis connected successfully"}
{"level":"info","ts":"2025-09-13T19:00:09.169+0800","caller":"backend/main.go:48","msg":"Server started on :8080"}
{"level":"info","ts":"2025-09-13T19:01:52.199+0800","caller":"backend/main.go:53","msg":"Shutting down server..."}
{"level":"info","ts":"2025-09-13T19:01:52.201+0800","caller":"backend/main.go:63","msg":"HTTP server gracefully stopped"}
{"level":"info","ts":"2025-09-13T19:01:52.202+0800","caller":"backend/main.go:72","msg":"PostgreSQL GORM DB closed"}
{"level":"info","ts":"2025-09-13T19:01:52.202+0800","caller":"backend/main.go:78","msg":"Server exited"}
{"level":"info","ts":"2025-09-13T19:01:56.233+0800","caller":"repository/init.go:93","msg":"Redis connected successfully"}
{"level":"info","ts":"2025-09-13T19:01:56.249+0800","caller":"backend/main.go:48","msg":"Server started on :8080"}
{"level":"info","ts":"2025-09-13T19:51:11.413+0800","caller":"backend/main.go:53","msg":"Shutting down server..."}
{"level":"info","ts":"2025-09-13T19:51:11.417+0800","caller":"backend/main.go:63","msg":"HTTP server gracefully stopped"}
{"level":"info","ts":"2025-09-13T19:51:11.419+0800","caller":"backend/main.go:72","msg":"PostgreSQL GORM DB closed"}
{"level":"info","ts":"2025-09-13T19:51:11.430+0800","caller":"backend/main.go:78","msg":"Server exited"}
{"level":"info","ts":"2025-09-16T00:30:56.027+0800","caller":"repository/init.go:93","msg":"Redis connected successfully"}
{"level":"info","ts":"2025-09-16T00:30:56.044+0800","caller":"backend/main.go:48","msg":"Server started on :8080"}
{"level":"info","ts":"2025-09-16T00:39:43.305+0800","caller":"backend/main.go:53","msg":"Shutting down server..."}
{"level":"info","ts":"2025-09-16T00:39:43.315+0800","caller":"backend/main.go:63","msg":"HTTP server gracefully stopped"}
{"level":"info","ts":"2025-09-16T00:39:43.321+0800","caller":"backend/main.go:72","msg":"PostgreSQL GORM DB closed"}
{"level":"info","ts":"2025-09-16T00:39:43.324+0800","caller":"backend/main.go:78","msg":"Server exited"}
{"level":"info","ts":"2025-09-16T00:44:14.546+0800","caller":"repository/init.go:93","msg":"Redis connected successfully"}
{"level":"info","ts":"2025-09-16T00:44:14.565+0800","caller":"backend/main.go:48","msg":"Server started on :8080"}
{"level":"info","ts":"2025-09-16T00:53:53.923+0800","caller":"backend/main.go:53","msg":"Shutting down server..."}
{"level":"info","ts":"2025-09-16T00:53:53.924+0800","caller":"backend/main.go:63","msg":"HTTP server gracefully stopped"}
{"level":"info","ts":"2025-09-16T00:53:53.925+0800","caller":"backend/main.go:72","msg":"PostgreSQL GORM DB closed"}
{"level":"info","ts":"2025-09-16T00:53:53.926+0800","caller":"backend/main.go:78","msg":"Server exited"}
{"level":"info","ts":"2025-09-16T00:54:18.180+0800","caller":"repository/init.go:93","msg":"Redis connected successfully"}
{"level":"info","ts":"2025-09-16T00:54:18.195+0800","caller":"backend/main.go:48","msg":"Server started on :8080"}
{"level":"info","ts":"2025-09-16T01:07:32.012+0800","caller":"backend/main.go:53","msg":"Shutting down server..."}
{"level":"info","ts":"2025-09-16T01:07:32.017+0800","caller":"backend/main.go:63","msg":"HTTP server gracefully stopped"}
{"level":"info","ts":"2025-09-16T01:07:32.019+0800","caller":"backend/main.go:72","msg":"PostgreSQL GORM DB closed"}
{"level":"info","ts":"2025-09-16T01:07:32.019+0800","caller":"backend/main.go:78","msg":"Server exited"}
{"level":"info","ts":"2025-09-16T01:07:38.257+0800","caller":"repository/init.go:93","msg":"Redis connected successfully"}
{"level":"info","ts":"2025-09-16T01:07:38.358+0800","caller":"backend/main.go:48","msg":"Server started on :8080"}
{"level":"info","ts":"2025-09-16T01:13:49.901+0800","caller":"backend/main.go:53","msg":"Shutting down server..."}
{"level":"info","ts":"2025-09-16T01:13:49.955+0800","caller":"backend/main.go:63","msg":"HTTP server gracefully stopped"}
{"level":"info","ts":"2025-09-16T01:13:49.959+0800","caller":"backend/main.go:72","msg":"PostgreSQL GORM DB closed"}
{"level":"info","ts":"2025-09-16T01:13:49.967+0800","caller":"backend/main.go:78","msg":"Server exited"}
{"level":"info","ts":"2025-09-16T01:14:42.953+0800","caller":"repository/init.go:93","msg":"Redis connected successfully"}
{"level":"info","ts":"2025-09-16T01:14:42.985+0800","caller":"backend/main.go:48","msg":"Server started on :8080"}
{"level":"info","ts":"2025-09-16T01:17:02.703+0800","caller":"backend/main.go:53","msg":"Shutting down server..."}
{"level":"info","ts":"2025-09-16T01:17:02.704+0800","caller":"backend/main.go:63","msg":"HTTP server gracefully stopped"}
{"level":"info","ts":"2025-09-16T01:17:02.705+0800","caller":"backend/main.go:72","msg":"PostgreSQL GORM DB closed"}
{"level":"info","ts":"2025-09-16T01:17:02.705+0800","caller":"backend/main.go:78","msg":"Server exited"}
{"level":"info","ts":"2025-09-16T01:17:10.923+0800","caller":"repository/init.go:93","msg":"Redis connected successfully"}
{"level":"info","ts":"2025-09-16T01:17:10.955+0800","caller":"backend/main.go:48","msg":"Server started on :8080"}
{"level":"info","ts":"2025-09-16T01:18:00.503+0800","caller":"backend/main.go:53","msg":"Shutting down server..."}
{"level":"info","ts":"2025-09-16T01:18:00.503+0800","caller":"backend/main.go:63","msg":"HTTP server gracefully stopped"}
{"level":"info","ts":"2025-09-16T01:18:00.504+0800","caller":"backend/main.go:72","msg":"PostgreSQL GORM DB closed"}
{"level":"info","ts":"2025-09-16T01:18:00.504+0800","caller":"backend/main.go:78","msg":"Server exited"}
{"level":"info","ts":"2025-09-16T01:18:08.302+0800","caller":"repository/init.go:93","msg":"Redis connected successfully"}
{"level":"info","ts":"2025-09-16T01:18:08.375+0800","caller":"backend/main.go:48","msg":"Server started on :8080"}
{"level":"info","ts":"2025-09-16T01:20:08.722+0800","caller":"backend/main.go:53","msg":"Shutting down server..."}
{"level":"info","ts":"2025-09-16T01:20:08.768+0800","caller":"backend/main.go:63","msg":"HTTP server gracefully stopped"}
{"level":"info","ts":"2025-09-16T01:20:08.783+0800","caller":"backend/main.go:72","msg":"PostgreSQL GORM DB closed"}
{"level":"info","ts":"2025-09-16T01:20:08.799+0800","caller":"backend/main.go:78","msg":"Server exited"}
{"level":"info","ts":"2025-09-16T01:20:15.579+0800","caller":"repository/init.go:93","msg":"Redis connected successfully"}
{"level":"info","ts":"2025-09-16T01:20:15.765+0800","caller":"backend/main.go:48","msg":"Server started on :8080"}
{"level":"info","ts":"2025-09-16T01:20:36.003+0800","caller":"backend/main.go:53","msg":"Shutting down server..."}
{"level":"info","ts":"2025-09-16T01:20:36.004+0800","caller":"backend/main.go:63","msg":"HTTP server gracefully stopped"}
{"level":"info","ts":"2025-09-16T01:20:36.004+0800","caller":"backend/main.go:72","msg":"PostgreSQL GORM DB closed"}
{"level":"info","ts":"2025-09-16T01:20:36.004+0800","caller":"backend/main.go:78","msg":"Server exited"}
{"level":"info","ts":"2025-09-16T01:20:42.609+0800","caller":"repository/init.go:93","msg":"Redis connected successfully"}
{"level":"info","ts":"2025-09-16T01:20:42.639+0800","caller":"backend/main.go:48","msg":"Server started on :8080"}
{"level":"info","ts":"2025-09-16T01:21:17.156+0800","caller":"backend/main.go:53","msg":"Shutting down server..."}
{"level":"info","ts":"2025-09-16T01:21:17.157+0800","caller":"backend/main.go:63","msg":"HTTP server gracefully stopped"}
{"level":"info","ts":"2025-09-16T01:21:17.158+0800","caller":"backend/main.go:72","msg":"PostgreSQL GORM DB closed"}
{"level":"info","ts":"2025-09-16T01:21:17.158+0800","caller":"backend/main.go:78","msg":"Server exited"}
